[arm64-v8a] Compile        : hev-socks5-tunnel <= hev-jni.c
[arm64-v8a] Compile        : hev-socks5-tunnel <= hev-config.c
[arm64-v8a] Compile        : hev-socks5-tunnel <= hev-mapped-dns.c
[arm64-v8a] Compile        : hev-socks5-tunnel <= hev-main.c
[arm64-v8a] Compile        : hev-socks5-tunnel <= hev-socks5-session-tcp.c
[arm64-v8a] Compile        : hev-socks5-tunnel <= hev-socks5-session-udp.c
[arm64-v8a] Compile        : hev-socks5-tunnel <= hev-socks5-session.c
[arm64-v8a] Compile        : hev-socks5-tunnel <= hev-socks5-tunnel.c
[arm64-v8a] Compile        : hev-socks5-tunnel <= hev-tunnel-freebsd.c
[arm64-v8a] Compile        : hev-socks5-tunnel <= hev-tunnel-macos.c
[arm64-v8a] Compile        : hev-socks5-tunnel <= hev-tunnel-linux.c
[arm64-v8a] Compile        : hev-socks5-tunnel <= hev-tunnel-netbsd.c
[arm64-v8a] Compile        : hev-socks5-tunnel <= hev-tunnel-windows.c
[arm64-v8a] Compile        : hev-socks5-tunnel <= hev-list.c
[arm64-v8a] Compile        : hev-socks5-tunnel <= hev-exec.c
[arm64-v8a] Compile        : hev-socks5-tunnel <= hev-logger.c
[arm64-v8a] Compile        : hev-socks5-tunnel <= hev-ring-buffer.c
[arm64-v8a] Compile        : hev-socks5-tunnel <= hev-wintun.c
[arm64-v8a] Compile        : hev-socks5-tunnel <= hev-utils.c
[arm64-v8a] Compile        : yaml <= dumper.c
[arm64-v8a] Compile        : yaml <= api.c
[arm64-v8a] Compile        : yaml <= loader.c
[arm64-v8a] Compile        : yaml <= reader.c
[arm64-v8a] Compile        : yaml <= parser.c
[arm64-v8a] Compile        : yaml <= writer.c
[arm64-v8a] Compile        : yaml <= emitter.c
[arm64-v8a] Compile        : lwip <= api_lib.c
[arm64-v8a] Compile        : lwip <= if_api.c
[arm64-v8a] Compile        : lwip <= api_msg.c
[arm64-v8a] Compile        : lwip <= err.c
[arm64-v8a] Compile        : yaml <= scanner.c
[arm64-v8a] Compile        : lwip <= netbuf.c
[arm64-v8a] Compile        : lwip <= netifapi.c
[arm64-v8a] Compile        : lwip <= netdb.c
[arm64-v8a] Compile        : lwip <= tcpip.c
[arm64-v8a] Compile        : lwip <= altcp.c
[arm64-v8a] Compile        : lwip <= sockets.c
[arm64-v8a] Compile        : lwip <= altcp_alloc.c
[arm64-v8a] Compile        : lwip <= altcp_tcp.c
[arm64-v8a] Compile        : lwip <= dns.c
[arm64-v8a] Compile        : lwip <= def.c
[arm64-v8a] Compile        : lwip <= inet_chksum.c
[arm64-v8a] Compile        : lwip <= init.c
[arm64-v8a] Compile        : lwip <= ip.c
[arm64-v8a] Compile        : lwip <= acd.c
[arm64-v8a] Compile        : lwip <= autoip.c
[arm64-v8a] Compile        : lwip <= dhcp.c
[arm64-v8a] Compile        : lwip <= etharp.c
[arm64-v8a] Compile        : lwip <= icmp.c
[arm64-v8a] Compile        : lwip <= igmp.c
[arm64-v8a] Compile        : lwip <= ip4.c
[arm64-v8a] Compile        : lwip <= ip4_addr.c
[arm64-v8a] Compile        : lwip <= ip4_frag.c
[arm64-v8a] Compile        : lwip <= dhcp6.c
[arm64-v8a] Compile        : lwip <= ethip6.c
[arm64-v8a] Compile        : lwip <= icmp6.c
[arm64-v8a] Compile        : lwip <= inet6.c
[arm64-v8a] Compile        : lwip <= ip6.c
[arm64-v8a] Compile        : lwip <= ip6_addr.c
[arm64-v8a] Compile        : lwip <= ip6_frag.c
[arm64-v8a] Compile        : lwip <= mld6.c
[arm64-v8a] Compile        : lwip <= mem.c
[arm64-v8a] Compile        : lwip <= nd6.c
[arm64-v8a] Compile        : lwip <= memp.c
[arm64-v8a] Compile        : lwip <= netif.c
[arm64-v8a] Compile        : lwip <= pbuf.c
[arm64-v8a] Compile        : lwip <= raw.c
[arm64-v8a] Compile        : lwip <= stats.c
[arm64-v8a] Compile        : lwip <= sys.c
[arm64-v8a] Compile        : lwip <= timeouts.c
[arm64-v8a] Compile        : lwip <= tcp.c
[arm64-v8a] Compile        : lwip <= tcp_in.c
[arm64-v8a] Compile        : lwip <= tcp_out.c
[arm64-v8a] Compile        : lwip <= bridgeif.c
[arm64-v8a] Compile        : lwip <= bridgeif_fdb.c
[arm64-v8a] Compile        : lwip <= udp.c
[arm64-v8a] Compile        : lwip <= ethernet.c
[arm64-v8a] Compile        : lwip <= lowpan6.c
[arm64-v8a] Compile        : lwip <= lowpan6_ble.c
[arm64-v8a] Compile        : lwip <= auth.c
[arm64-v8a] Compile        : lwip <= chap-md5.c
[arm64-v8a] Compile        : lwip <= ccp.c
[arm64-v8a] Compile        : lwip <= lowpan6_common.c
[arm64-v8a] Compile        : lwip <= chap_ms.c
[arm64-v8a] Compile        : lwip <= chap-new.c
[arm64-v8a] Compile        : lwip <= demand.c
[arm64-v8a] Compile        : lwip <= eap.c
[arm64-v8a] Compile        : lwip <= eui64.c
[arm64-v8a] Compile        : lwip <= ecp.c
[arm64-v8a] Compile        : lwip <= fsm.c
[arm64-v8a] Compile        : lwip <= ipcp.c
[arm64-v8a] Compile        : lwip <= ipv6cp.c
[arm64-v8a] Compile        : lwip <= magic.c
[arm64-v8a] Compile        : lwip <= lcp.c
[arm64-v8a] Compile        : lwip <= mppe.c
[arm64-v8a] Compile        : lwip <= multilink.c
[arm64-v8a] Compile        : lwip <= arc4.c
[arm64-v8a] Compile        : lwip <= md4.c
[arm64-v8a] Compile        : lwip <= des.c
[arm64-v8a] Compile        : lwip <= md5.c
[arm64-v8a] Compile        : lwip <= sha1.c
[arm64-v8a] Compile        : lwip <= ppp.c
[arm64-v8a] Compile        : lwip <= pppapi.c
[arm64-v8a] Compile        : lwip <= pppcrypt.c
[arm64-v8a] Compile        : lwip <= pppoe.c
[arm64-v8a] Compile        : lwip <= pppol2tp.c
[arm64-v8a] Compile        : lwip <= pppos.c
[arm64-v8a] Compile        : lwip <= utils.c
[arm64-v8a] Compile        : lwip <= upap.c
[arm64-v8a] Compile        : lwip <= vj.c
[arm64-v8a] Compile        : lwip <= slipif.c
[arm64-v8a] Compile        : lwip <= mem.c
[arm64-v8a] Compile        : lwip <= perf.c
[arm64-v8a] Compile        : lwip <= sys_arch.c
[arm64-v8a] Compile        : lwip <= zepif.c
[arm64-v8a] Compile        : lwip <= fifo.c
[arm64-v8a] Compile        : lwip <= list.c
[arm64-v8a] Compile        : lwip <= pcapif.c
[arm64-v8a] Compile        : lwip <= sio.c
[arm64-v8a] Compile        : lwip <= tapif.c
[arm64-v8a] Compile        : lwip <= sys_arch.c
[arm64-v8a] Compile        : lwip <= sio.c
[arm64-v8a] Compile        : hev-task-system <= hev-task-aide.c
[arm64-v8a] Compile        : hev-task-system <= hev-task-system-schedule.c
[arm64-v8a] Compile        : hev-task-system <= hev-task-system.c
[arm64-v8a] Compile        : hev-task-system <= hev-task-io-reactor-iocp.c
[arm64-v8a] Compile        : hev-task-system <= hev-task-io-reactor-kqueue.c
[arm64-v8a] Compile        : hev-task-system <= hev-task-io-reactor-epoll.c
[arm64-v8a] Compile        : hev-task-system <= hev-task-channel-select.c
[arm64-v8a] Compile        : hev-task-system <= hev-task-cond.c
[arm64-v8a] Compile        : hev-task-system <= hev-task-mutex.c
[arm64-v8a] Compile        : hev-task-system <= hev-task-channel.c
[arm64-v8a] Compile        : hev-task-system <= hev-task-call.c
[arm64-v8a] Compile        : hev-task-system <= hev-task-stack-heap.c
[arm64-v8a] Compile        : hev-task-system <= hev-task-executer.c
[arm64-v8a] Compile        : hev-task-system <= hev-task-stack-mmap.c
[arm64-v8a] Compile        : hev-task-system <= hev-task.c
[arm64-v8a] Compile        : hev-task-system <= hev-task-execute.S
[arm64-v8a] Compile        : hev-task-system <= hev-task-timer.c
[arm64-v8a] Compile        : hev-task-system <= hev-task-dns.c
[arm64-v8a] Compile        : hev-task-system <= hev-task-dns-proxy.c
[arm64-v8a] Compile        : hev-task-system <= hev-circular-buffer.c
[arm64-v8a] Compile        : hev-task-system <= hev-task-io-pipe.c
[arm64-v8a] Compile        : hev-task-system <= hev-task-io.c
[arm64-v8a] Compile        : hev-task-system <= hev-task-io-poll.c
[arm64-v8a] Compile        : hev-task-system <= hev-list.c
[arm64-v8a] Compile        : hev-task-system <= hev-debugger.c
[arm64-v8a] Compile        : hev-task-system <= hev-task-stack-detector.c
[arm64-v8a] Compile        : hev-task-system <= hev-task-io-socket.c
[arm64-v8a] Compile        : hev-task-system <= hev-object-atomic.c
[arm64-v8a] Compile        : hev-task-system <= hev-object.c
[arm64-v8a] Compile        : hev-task-system <= hev-rbtree-cached.c
[arm64-v8a] Compile        : hev-task-system <= hev-rbtree.c
[arm64-v8a] Compile        : hev-task-system <= hev-memory-allocator-api.c
[arm64-v8a] Compile        : hev-task-system <= hev-memory-allocator.c
[arm64-v8a] Compile        : hev-task-system <= hev-memory-allocator-simple.c
[arm64-v8a] Compile        : hev-task-system <= hev-memory-allocator-slice.c
[arm64-v8a] Compile        : hev-socks5-tunnel-bin <= hev-rbtree.c
[arm64-v8a] Compile        : hev-socks5-tunnel-bin <= hev-socks5-authenticator.c
[arm64-v8a] Compile        : hev-socks5-tunnel-bin <= hev-socks5-client-tcp.c
[arm64-v8a] Compile        : hev-socks5-tunnel-bin <= hev-socks5-client-udp.c
[arm64-v8a] Compile        : hev-socks5-tunnel-bin <= hev-socks5-logger.c
[arm64-v8a] Compile        : hev-socks5-tunnel-bin <= hev-socks5-client.c
[arm64-v8a] Compile        : hev-socks5-tunnel-bin <= hev-socks5-misc.c
[arm64-v8a] Compile        : hev-socks5-tunnel-bin <= hev-socks5-server.c
[arm64-v8a] Compile        : hev-socks5-tunnel-bin <= hev-socks5-tcp.c
[arm64-v8a] Compile        : hev-socks5-tunnel-bin <= hev-socks5-user.c
[arm64-v8a] Compile        : hev-socks5-tunnel-bin <= hev-socks5.c
[arm64-v8a] Compile        : hev-socks5-tunnel-bin <= hev-socks5-udp.c
[arm64-v8a] Compile        : hev-socks5-tunnel-bin <= hev-jni.c
[arm64-v8a] Compile        : hev-socks5-tunnel-bin <= hev-main.c
[arm64-v8a] Compile        : hev-socks5-tunnel-bin <= hev-config.c
[arm64-v8a] Compile        : hev-socks5-tunnel-bin <= hev-mapped-dns.c
[arm64-v8a] Compile        : hev-socks5-tunnel-bin <= hev-socks5-session-tcp.c
[arm64-v8a] Compile        : hev-socks5-tunnel-bin <= hev-socks5-session.c
[arm64-v8a] Compile        : hev-socks5-tunnel-bin <= hev-socks5-session-udp.c
[arm64-v8a] Compile        : hev-socks5-tunnel-bin <= hev-tunnel-freebsd.c
[arm64-v8a] Compile        : hev-socks5-tunnel-bin <= hev-tunnel-macos.c
[arm64-v8a] Compile        : hev-socks5-tunnel-bin <= hev-tunnel-linux.c
[arm64-v8a] Compile        : hev-socks5-tunnel-bin <= hev-socks5-tunnel.c
[arm64-v8a] Compile        : hev-socks5-tunnel-bin <= hev-tunnel-netbsd.c
[arm64-v8a] Compile        : hev-socks5-tunnel-bin <= hev-exec.c
[arm64-v8a] Compile        : hev-socks5-tunnel-bin <= hev-tunnel-windows.c
[arm64-v8a] Compile        : hev-socks5-tunnel-bin <= hev-list.c
[arm64-v8a] Compile        : hev-socks5-tunnel-bin <= hev-logger.c
[arm64-v8a] Compile        : hev-socks5-tunnel-bin <= hev-ring-buffer.c
[arm64-v8a] Compile        : hev-socks5-tunnel-bin <= hev-utils.c
[x86_64] Compile        : hev-socks5-tunnel <= hev-rbtree.c
[arm64-v8a] Compile        : hev-socks5-tunnel-bin <= hev-wintun.c
[x86_64] Compile        : hev-socks5-tunnel <= hev-socks5-authenticator.c
[x86_64] Compile        : hev-socks5-tunnel <= hev-socks5-client-udp.c
[x86_64] Compile        : hev-socks5-tunnel <= hev-socks5-client-tcp.c
[x86_64] Compile        : hev-socks5-tunnel <= hev-socks5-client.c
[x86_64] Compile        : hev-socks5-tunnel <= hev-socks5-logger.c
[x86_64] Compile        : hev-socks5-tunnel <= hev-socks5-misc.c
[x86_64] Compile        : hev-socks5-tunnel <= hev-socks5-tcp.c
[x86_64] Compile        : hev-socks5-tunnel <= hev-socks5-server.c
[x86_64] Compile        : hev-socks5-tunnel <= hev-socks5-user.c
[x86_64] Compile        : hev-socks5-tunnel <= hev-socks5-udp.c
[x86_64] Compile        : hev-socks5-tunnel <= hev-socks5.c
[x86_64] Compile        : hev-socks5-tunnel <= hev-jni.c
[x86_64] Compile        : hev-socks5-tunnel <= hev-main.c
[x86_64] Compile        : hev-socks5-tunnel <= hev-config.c
[x86_64] Compile        : hev-socks5-tunnel <= hev-mapped-dns.c
[x86_64] Compile        : hev-socks5-tunnel <= hev-socks5-session-tcp.c
[x86_64] Compile        : hev-socks5-tunnel <= hev-socks5-session-udp.c
[x86_64] Compile        : hev-socks5-tunnel <= hev-socks5-session.c
[x86_64] Compile        : hev-socks5-tunnel <= hev-socks5-tunnel.c
[x86_64] Compile        : hev-socks5-tunnel <= hev-tunnel-freebsd.c
[x86_64] Compile        : hev-socks5-tunnel <= hev-tunnel-macos.c
[x86_64] Compile        : hev-socks5-tunnel <= hev-tunnel-linux.c
[x86_64] Compile        : hev-socks5-tunnel <= hev-tunnel-netbsd.c
[x86_64] Compile        : hev-socks5-tunnel <= hev-tunnel-windows.c
[x86_64] Compile        : hev-socks5-tunnel <= hev-exec.c
[x86_64] Compile        : hev-socks5-tunnel <= hev-list.c
[x86_64] Compile        : hev-socks5-tunnel <= hev-logger.c
[x86_64] Compile        : hev-socks5-tunnel <= hev-ring-buffer.c
[x86_64] Compile        : hev-socks5-tunnel <= hev-utils.c
[x86_64] Compile        : hev-socks5-tunnel <= hev-wintun.c
[x86_64] Compile        : yaml <= api.c
[x86_64] Compile        : yaml <= dumper.c
[x86_64] Compile        : yaml <= loader.c
[x86_64] Compile        : yaml <= reader.c
[x86_64] Compile        : yaml <= parser.c
[x86_64] Compile        : yaml <= emitter.c
[x86_64] Compile        : yaml <= writer.c
[x86_64] Compile        : lwip <= api_lib.c
[x86_64] Compile        : yaml <= scanner.c
[x86_64] Compile        : lwip <= api_msg.c
[x86_64] Compile        : lwip <= err.c
[x86_64] Compile        : lwip <= if_api.c
[x86_64] Compile        : lwip <= netbuf.c
[x86_64] Compile        : lwip <= netdb.c
[x86_64] Compile        : lwip <= netifapi.c
[x86_64] Compile        : lwip <= sockets.c
[x86_64] Compile        : lwip <= tcpip.c
[x86_64] Compile        : lwip <= altcp_alloc.c
[x86_64] Compile        : lwip <= altcp_tcp.c
[x86_64] Compile        : lwip <= altcp.c
[x86_64] Compile        : lwip <= def.c
[x86_64] Compile        : lwip <= dns.c
[x86_64] Compile        : lwip <= inet_chksum.c
[x86_64] Compile        : lwip <= init.c
[x86_64] Compile        : lwip <= ip.c
[x86_64] Compile        : lwip <= acd.c
[x86_64] Compile        : lwip <= autoip.c
[x86_64] Compile        : lwip <= dhcp.c
[x86_64] Compile        : lwip <= etharp.c
[x86_64] Compile        : lwip <= icmp.c
[x86_64] Compile        : lwip <= igmp.c
[x86_64] Compile        : lwip <= ip4.c
[x86_64] Compile        : lwip <= ip4_addr.c
[x86_64] Compile        : lwip <= ip4_frag.c
[x86_64] Compile        : lwip <= dhcp6.c
[x86_64] Compile        : lwip <= ethip6.c
[x86_64] Compile        : lwip <= icmp6.c
[x86_64] Compile        : lwip <= inet6.c
[x86_64] Compile        : lwip <= ip6.c
[x86_64] Compile        : lwip <= ip6_addr.c
[x86_64] Compile        : lwip <= bridgeif.c
[x86_64] Compile        : lwip <= ip6_frag.c
[x86_64] Compile        : lwip <= mld6.c
[x86_64] Compile        : lwip <= nd6.c
[x86_64] Compile        : lwip <= ethernet.c
[x86_64] Compile        : lwip <= bridgeif_fdb.c
[x86_64] Compile        : lwip <= lowpan6.c
[x86_64] Compile        : lwip <= lowpan6_ble.c
[x86_64] Compile        : lwip <= lowpan6_common.c
[x86_64] Compile        : lwip <= auth.c
[x86_64] Compile        : lwip <= ccp.c
[x86_64] Compile        : lwip <= chap-new.c
[x86_64] Compile        : lwip <= chap-md5.c
[x86_64] Compile        : lwip <= demand.c
[x86_64] Compile        : lwip <= chap_ms.c
[x86_64] Compile        : lwip <= eap.c
[x86_64] Compile        : lwip <= ecp.c
[x86_64] Compile        : lwip <= ipcp.c
[x86_64] Compile        : lwip <= eui64.c
[x86_64] Compile        : lwip <= fsm.c
[x86_64] Compile        : lwip <= ipv6cp.c
[x86_64] Compile        : lwip <= lcp.c
[x86_64] Compile        : lwip <= magic.c
[x86_64] Compile        : lwip <= mppe.c
[x86_64] Compile        : lwip <= multilink.c
[x86_64] Compile        : lwip <= arc4.c
[x86_64] Compile        : lwip <= des.c
[x86_64] Compile        : lwip <= md4.c
[x86_64] Compile        : lwip <= sha1.c
[x86_64] Compile        : lwip <= md5.c
[x86_64] Compile        : lwip <= ppp.c
[x86_64] Compile        : lwip <= pppapi.c
[x86_64] Compile        : lwip <= pppcrypt.c
[x86_64] Compile        : lwip <= pppoe.c
[x86_64] Compile        : lwip <= pppol2tp.c
[x86_64] Compile        : lwip <= pppos.c
[x86_64] Compile        : lwip <= upap.c
[x86_64] Compile        : lwip <= utils.c
[x86_64] Compile        : lwip <= vj.c
[x86_64] Compile        : lwip <= slipif.c
[x86_64] Compile        : lwip <= mem.c
[x86_64] Compile        : lwip <= zepif.c
[x86_64] Compile        : lwip <= perf.c
[x86_64] Compile        : lwip <= sys_arch.c
[x86_64] Compile        : lwip <= list.c
[x86_64] Compile        : lwip <= pcapif.c
[x86_64] Compile        : lwip <= fifo.c
[x86_64] Compile        : lwip <= sio.c
[x86_64] Compile        : lwip <= sys_arch.c
[x86_64] Compile        : lwip <= sio.c
[x86_64] Compile        : lwip <= tapif.c
[x86_64] Compile        : hev-task-system <= hev-task-system.c
[x86_64] Compile        : hev-task-system <= hev-task-aide.c
[x86_64] Compile        : hev-task-system <= hev-task-system-schedule.c
[x86_64] Compile        : hev-task-system <= hev-task-channel-select.c
[x86_64] Compile        : hev-task-system <= hev-task-io-reactor-epoll.c
[x86_64] Compile        : hev-task-system <= hev-task-io-reactor-iocp.c
[x86_64] Compile        : hev-task-system <= hev-task-io-reactor-kqueue.c
[x86_64] Compile        : hev-task-system <= hev-task-channel.c
[x86_64] Compile        : hev-task-system <= hev-task-cond.c
[x86_64] Compile        : hev-task-system <= hev-task-mutex.c
[x86_64] Compile        : hev-task-system <= hev-task-call.c
[x86_64] Compile        : hev-task-system <= hev-task-stack-heap.c
[x86_64] Compile        : hev-task-system <= hev-task-executer.c
[x86_64] Compile        : hev-task-system <= hev-task-execute.S
[x86_64] Compile        : hev-task-system <= hev-task-stack-mmap.c
[x86_64] Compile        : hev-task-system <= hev-task-timer.c
[x86_64] Compile        : hev-task-system <= hev-task.c
[x86_64] Compile        : hev-task-system <= hev-task-dns-proxy.c
[x86_64] Compile        : hev-task-system <= hev-task-dns.c
[x86_64] Compile        : hev-task-system <= hev-circular-buffer.c
[x86_64] Compile        : hev-task-system <= hev-task-io.c
[x86_64] Compile        : hev-task-system <= hev-task-io-pipe.c
[x86_64] Compile        : hev-task-system <= hev-task-io-poll.c
[x86_64] Compile        : hev-task-system <= hev-list.c
[x86_64] Compile        : hev-task-system <= hev-task-io-socket.c
[x86_64] Compile        : hev-task-system <= hev-debugger.c
[x86_64] Compile        : hev-task-system <= hev-task-stack-detector.c
[x86_64] Compile        : hev-task-system <= hev-object-atomic.c
[x86_64] Compile        : hev-task-system <= hev-object.c
[x86_64] Compile        : hev-task-system <= hev-rbtree-cached.c
[x86_64] Compile        : hev-task-system <= hev-rbtree.c
[x86_64] Compile        : hev-task-system <= hev-memory-allocator-api.c
[x86_64] Compile        : hev-task-system <= hev-memory-allocator.c
[x86_64] Compile        : hev-task-system <= hev-memory-allocator-simple.c
[x86_64] Compile        : hev-task-system <= hev-memory-allocator-slice.c
[x86_64] Compile        : hev-socks5-tunnel-bin <= hev-rbtree.c
[x86_64] Compile        : hev-socks5-tunnel-bin <= hev-socks5-authenticator.c
[x86_64] Compile        : hev-socks5-tunnel-bin <= hev-socks5-client-udp.c
[x86_64] Compile        : hev-socks5-tunnel-bin <= hev-socks5-client-tcp.c
[x86_64] Compile        : hev-socks5-tunnel-bin <= hev-socks5-logger.c
[x86_64] Compile        : hev-socks5-tunnel-bin <= hev-socks5-client.c
[x86_64] Compile        : hev-socks5-tunnel-bin <= hev-socks5-misc.c
[x86_64] Compile        : hev-socks5-tunnel-bin <= hev-socks5-tcp.c
[x86_64] Compile        : hev-socks5-tunnel-bin <= hev-socks5-server.c
[x86_64] Compile        : hev-socks5-tunnel-bin <= hev-socks5-udp.c
[x86_64] Compile        : hev-socks5-tunnel-bin <= hev-socks5-user.c
[x86_64] Compile        : hev-socks5-tunnel-bin <= hev-socks5.c
[x86_64] Compile        : hev-socks5-tunnel-bin <= hev-jni.c
[x86_64] Compile        : hev-socks5-tunnel-bin <= hev-config.c
[x86_64] Compile        : hev-socks5-tunnel-bin <= hev-main.c
[x86_64] Compile        : hev-socks5-tunnel-bin <= hev-mapped-dns.c
[x86_64] Compile        : hev-socks5-tunnel-bin <= hev-socks5-session-tcp.c
[x86_64] Compile        : hev-socks5-tunnel-bin <= hev-socks5-session.c
[x86_64] Compile        : hev-socks5-tunnel-bin <= hev-socks5-session-udp.c
[x86_64] Compile        : hev-socks5-tunnel-bin <= hev-tunnel-freebsd.c
[x86_64] Compile        : hev-socks5-tunnel-bin <= hev-socks5-tunnel.c
[x86_64] Compile        : hev-socks5-tunnel-bin <= hev-tunnel-macos.c
[x86_64] Compile        : hev-socks5-tunnel-bin <= hev-tunnel-netbsd.c
[x86_64] Compile        : hev-socks5-tunnel-bin <= hev-tunnel-linux.c
[x86_64] Compile        : hev-socks5-tunnel-bin <= hev-tunnel-windows.c
[x86_64] Compile        : hev-socks5-tunnel-bin <= hev-exec.c
[x86_64] Compile        : hev-socks5-tunnel-bin <= hev-list.c
[x86_64] Compile        : hev-socks5-tunnel-bin <= hev-wintun.c
[x86_64] Compile        : hev-socks5-tunnel-bin <= hev-logger.c
[x86_64] Compile        : hev-socks5-tunnel-bin <= hev-ring-buffer.c
[x86_64] Compile        : hev-socks5-tunnel-bin <= hev-utils.c
[armeabi-v7a] StaticLibrary  : libyaml.a
[arm64-v8a] StaticLibrary  : libyaml.a
[armeabi-v7a] StaticLibrary  : liblwip.a
[armeabi-v7a] StaticLibrary  : libhev-task-system.a
[arm64-v8a] StaticLibrary  : liblwip.a
[x86_64] StaticLibrary  : libyaml.a
[x86_64] StaticLibrary  : liblwip.a
[x86_64] StaticLibrary  : libhev-task-system.a
[arm64-v8a] StaticLibrary  : libhev-task-system.a
[armeabi-v7a] SharedLibrary  : libhev-socks5-tunnel.so
[armeabi-v7a] Executable     : hev-socks5-tunnel-bin
[arm64-v8a] SharedLibrary  : libhev-socks5-tunnel.so
[arm64-v8a] Executable     : hev-socks5-tunnel-bin
[x86_64] Executable     : hev-socks5-tunnel-bin
[x86_64] SharedLibrary  : libhev-socks5-tunnel.so
[armeabi-v7a] Install        : libhev-socks5-tunnel.so => C:\Users\Public\FirsthamAetherGuiNative\3533647ba991413ca1c62acec3ae4d36\hev-libs/armeabi-v7a/libhev-socks5-tunnel.so
[armeabi-v7a] Install        : hev-socks5-tunnel-bin => C:\Users\Public\FirsthamAetherGuiNative\3533647ba991413ca1c62acec3ae4d36\hev-libs/armeabi-v7a/hev-socks5-tunnel-bin
[arm64-v8a] Install        : hev-socks5-tunnel-bin => C:\Users\Public\FirsthamAetherGuiNative\3533647ba991413ca1c62acec3ae4d36\hev-libs/arm64-v8a/hev-socks5-tunnel-bin
[arm64-v8a] Install        : libhev-socks5-tunnel.so => C:\Users\Public\FirsthamAetherGuiNative\3533647ba991413ca1c62acec3ae4d36\hev-libs/arm64-v8a/libhev-socks5-tunnel.so
[x86_64] Install        : libhev-socks5-tunnel.so => C:\Users\Public\FirsthamAetherGuiNative\3533647ba991413ca1c62acec3ae4d36\hev-libs/x86_64/libhev-socks5-tunnel.so
[x86_64] Install        : hev-socks5-tunnel-bin => C:\Users\Public\FirsthamAetherGuiNative\3533647ba991413ca1c62acec3ae4d36\hev-libs/x86_64/hev-socks5-tunnel-bin
Built HEV JNI bridge for armeabi-v7a
Built HEV JNI bridge for arm64-v8a
Built HEV JNI bridge for x86_64
